// Jest Snapshot v1, https://goo.gl/fbAQLP

exports[`RefineFlightSearch snapshot test show refine flight search 1`] = `
<div
  className="ui fluid card"
  href={undefined}
  onClick={[Function]}
>
  <div
    className="content"
  >
    <div
      className="left aligned header"
    >
      Refine Flight Search
    </div>
    <div
      className="refine-search-slider"
    >
      <div
        style={
          Object {
            "marginBottom": "10px",
            "textAlign": "left",
          }
        }
      >
        <div
          style={
            Object {
              "display": "flex",
              "flexWrap": "wrap",
              "justifyContent": "space-between",
            }
          }
        >
          <span
            style={
              Object {
                "fontWeight": "bold",
                "marginRight": "10px",
              }
            }
          >
            Price/Pax
          </span>
          <span
            style={
              Object {
                "alignItems": "center",
                "backgroundColor": "#1678C2",
                "border": "1px solid #e9e9e9",
                "borderRadius": "5px",
                "color": "white",
                "display": "flex",
                "fontSize": "0.8em",
                "fontWeight": "normal",
                "padding": "0 2px",
                "whiteSpace": "nowrap",
              }
            }
          >
            200
             - 
            1000
          </span>
        </div>
        <div
          style={
            Object {
              "padding": "5px",
            }
          }
        >
          <div
            className="rc-slider"
            onBlur={[Function]}
            onFocus={[Function]}
            onKeyDown={[Function]}
            onMouseDown={[Function]}
            onTouchStart={[Function]}
            style={undefined}
          >
            <div
              className="rc-slider-rail"
              style={
                Object {
                  "backgroundColor": "grey",
                }
              }
            />
            <div
              className="rc-slider-track rc-slider-track-1"
              style={
                Object {
                  "backgroundColor": "#1678C2",
                  "left": "10%",
                  "width": "40%",
                }
              }
            />
            <div
              className="rc-slider-step"
            />
            <div
              aria-disabled={false}
              aria-valuemax={2000}
              aria-valuemin={0}
              aria-valuenow={200}
              className="rc-slider-handle rc-slider-handle-1"
              onBlur={undefined}
              onClick={undefined}
              onContextMenu={undefined}
              onFocus={undefined}
              onMouseDown={undefined}
              onMouseEnter={[Function]}
              onMouseLeave={[Function]}
              onTouchStart={undefined}
              role="slider"
              style={
                Object {
                  "borderColor": "#1678C2",
                  "left": "10%",
                }
              }
              tabIndex={0}
            />
            <div
              aria-disabled={false}
              aria-valuemax={2000}
              aria-valuemin={0}
              aria-valuenow={1000}
              className="rc-slider-handle rc-slider-handle-2"
              onBlur={undefined}
              onClick={undefined}
              onContextMenu={undefined}
              onFocus={undefined}
              onMouseDown={undefined}
              onMouseEnter={[Function]}
              onMouseLeave={[Function]}
              onTouchStart={undefined}
              role="slider"
              style={
                Object {
                  "borderColor": "#1678C2",
                  "left": "50%",
                }
              }
              tabIndex={0}
            />
            <div
              className="rc-slider-mark"
            />
          </div>
        </div>
      </div>
    </div>
  </div>
</div>
`;
