// Jest Snapshot v1, https://goo.gl/fbAQLP

exports[`RangeSlider snapshot test renders correctly 1`] = `
<div
  style={
    Object {
      "marginBottom": "10px",
      "textAlign": "left",
    }
  }
>
  <div
    style={
      Object {
        "display": "flex",
        "flexWrap": "wrap",
        "justifyContent": "space-between",
      }
    }
  >
    <span
      style={
        Object {
          "fontWeight": "bold",
          "marginRight": "10px",
        }
      }
    >
      name
    </span>
    <span
      style={
        Object {
          "alignItems": "center",
          "backgroundColor": "#1678C2",
          "border": "1px solid #e9e9e9",
          "borderRadius": "5px",
          "color": "white",
          "display": "flex",
          "fontSize": "0.8em",
          "fontWeight": "normal",
          "padding": "0 2px",
          "whiteSpace": "nowrap",
        }
      }
    >
       - 
    </span>
  </div>
  <div
    style={
      Object {
        "padding": "5px",
      }
    }
  >
    <div
      className="rc-slider"
      onBlur={[Function]}
      onFocus={[Function]}
      onKeyDown={[Function]}
      onMouseDown={[Function]}
      onTouchStart={[Function]}
      style={undefined}
    >
      <div
        className="rc-slider-rail"
        style={
          Object {
            "backgroundColor": "grey",
          }
        }
      />
      <div
        className="rc-slider-step"
      />
      <div
        className="rc-slider-mark"
      />
    </div>
  </div>
</div>
`;
